node:internal/modules/cjs/loader:1368
  throw err;
  ^

Error: Cannot find module 'express'
Require stack:
- /home/u686584126/domains/kirs.co.in/public_html/backend/server.js
- /usr/local/lsws/fcgi-bin/lsnode.js
    at Module._resolveFilename (node:internal/modules/cjs/loader:1365:15)
    at defaultResolveImpl (node:internal/modules/cjs/loader:1021:19)
    at resolveForCJSWithHooks (node:internal/modules/cjs/loader:1026:22)
    at Module._load (node:internal/modules/cjs/loader:1175:37)
    at TracingChannel.traceSync (node:diagnostics_channel:322:14)
    at wrapModuleLoad (node:internal/modules/cjs/loader:235:24)
    at Module.require (node:internal/modules/cjs/loader:1445:12)
    at require (node:internal/modules/helpers:135:16)
    at Object.<anonymous> (/home/u686584126/domains/kirs.co.in/public_html/backend/server.js:1:17)
    at Module._compile (node:internal/modules/cjs/loader:1688:14) {
  code: 'MODULE_NOT_FOUND',
  requireStack: [
    '/home/u686584126/domains/kirs.co.in/public_html/backend/server.js',
    '/usr/local/lsws/fcgi-bin/lsnode.js'
  ]
}

Node.js v22.18.0
node:internal/modules/cjs/loader:1368
  throw err;
  ^

Error: Cannot find module 'express'
Require stack:
- /home/u686584126/domains/kirs.co.in/public_html/backend/server.js
- /usr/local/lsws/fcgi-bin/lsnode.js
    at Module._resolveFilename (node:internal/modules/cjs/loader:1365:15)
    at defaultResolveImpl (node:internal/modules/cjs/loader:1021:19)
    at resolveForCJSWithHooks (node:internal/modules/cjs/loader:1026:22)
    at Module._load (node:internal/modules/cjs/loader:1175:37)
    at TracingChannel.traceSync (node:diagnostics_channel:322:14)
    at wrapModuleLoad (node:internal/modules/cjs/loader:235:24)
    at Module.require (node:internal/modules/cjs/loader:1445:12)
    at require (node:internal/modules/helpers:135:16)
    at Object.<anonymous> (/home/u686584126/domains/kirs.co.in/public_html/backend/server.js:1:17)
    at Module._compile (node:internal/modules/cjs/loader:1688:14) {
  code: 'MODULE_NOT_FOUND',
  requireStack: [
    '/home/u686584126/domains/kirs.co.in/public_html/backend/server.js',
    '/usr/local/lsws/fcgi-bin/lsnode.js'
  ]
}

Node.js v22.18.0
node:internal/modules/cjs/loader:1368
  throw err;
  ^

Error: Cannot find module 'express'
Require stack:
- /home/u686584126/domains/kirs.co.in/public_html/backend/server.js
- /usr/local/lsws/fcgi-bin/lsnode.js
    at Module._resolveFilename (node:internal/modules/cjs/loader:1365:15)
    at defaultResolveImpl (node:internal/modules/cjs/loader:1021:19)
    at resolveForCJSWithHooks (node:internal/modules/cjs/loader:1026:22)
    at Module._load (node:internal/modules/cjs/loader:1175:37)
    at TracingChannel.traceSync (node:diagnostics_channel:322:14)
    at wrapModuleLoad (node:internal/modules/cjs/loader:235:24)
    at Module.require (node:internal/modules/cjs/loader:1445:12)
    at require (node:internal/modules/helpers:135:16)
    at Object.<anonymous> (/home/u686584126/domains/kirs.co.in/public_html/backend/server.js:1:17)
    at Module._compile (node:internal/modules/cjs/loader:1688:14) {
  code: 'MODULE_NOT_FOUND',
  requireStack: [
    '/home/u686584126/domains/kirs.co.in/public_html/backend/server.js',
    '/usr/local/lsws/fcgi-bin/lsnode.js'
  ]
}

Node.js v22.18.0
node:internal/modules/cjs/loader:1368
  throw err;
  ^

Error: Cannot find module 'express'
Require stack:
- /home/u686584126/domains/kirs.co.in/public_html/backend/server.js
- /usr/local/lsws/fcgi-bin/lsnode.js
    at Module._resolveFilename (node:internal/modules/cjs/loader:1365:15)
    at defaultResolveImpl (node:internal/modules/cjs/loader:1021:19)
    at resolveForCJSWithHooks (node:internal/modules/cjs/loader:1026:22)
    at Module._load (node:internal/modules/cjs/loader:1175:37)
    at TracingChannel.traceSync (node:diagnostics_channel:322:14)
    at wrapModuleLoad (node:internal/modules/cjs/loader:235:24)
    at Module.require (node:internal/modules/cjs/loader:1445:12)
    at require (node:internal/modules/helpers:135:16)
    at Object.<anonymous> (/home/u686584126/domains/kirs.co.in/public_html/backend/server.js:1:17)
    at Module._compile (node:internal/modules/cjs/loader:1688:14) {
  code: 'MODULE_NOT_FOUND',
  requireStack: [
    '/home/u686584126/domains/kirs.co.in/public_html/backend/server.js',
    '/usr/local/lsws/fcgi-bin/lsnode.js'
  ]
}

Node.js v22.18.0
node:internal/modules/cjs/loader:1368
  throw err;
  ^

Error: Cannot find module 'express'
Require stack:
- /home/u686584126/domains/kirs.co.in/public_html/backend/server.js
- /usr/local/lsws/fcgi-bin/lsnode.js
    at Module._resolveFilename (node:internal/modules/cjs/loader:1365:15)
    at defaultResolveImpl (node:internal/modules/cjs/loader:1021:19)
    at resolveForCJSWithHooks (node:internal/modules/cjs/loader:1026:22)
    at Module._load (node:internal/modules/cjs/loader:1175:37)
    at TracingChannel.traceSync (node:diagnostics_channel:322:14)
    at wrapModuleLoad (node:internal/modules/cjs/loader:235:24)
    at Module.require (node:internal/modules/cjs/loader:1445:12)
    at require (node:internal/modules/helpers:135:16)
    at Object.<anonymous> (/home/u686584126/domains/kirs.co.in/public_html/backend/server.js:1:17)
    at Module._compile (node:internal/modules/cjs/loader:1688:14) {
  code: 'MODULE_NOT_FOUND',
  requireStack: [
    '/home/u686584126/domains/kirs.co.in/public_html/backend/server.js',
    '/usr/local/lsws/fcgi-bin/lsnode.js'
  ]
}

Node.js v22.18.0
node:internal/modules/cjs/loader:1368
  throw err;
  ^

Error: Cannot find module 'express'
Require stack:
- /home/u686584126/domains/kirs.co.in/public_html/backend/server.js
- /usr/local/lsws/fcgi-bin/lsnode.js
    at Module._resolveFilename (node:internal/modules/cjs/loader:1365:15)
    at defaultResolveImpl (node:internal/modules/cjs/loader:1021:19)
    at resolveForCJSWithHooks (node:internal/modules/cjs/loader:1026:22)
    at Module._load (node:internal/modules/cjs/loader:1175:37)
    at TracingChannel.traceSync (node:diagnostics_channel:322:14)
    at wrapModuleLoad (node:internal/modules/cjs/loader:235:24)
    at Module.require (node:internal/modules/cjs/loader:1445:12)
    at require (node:internal/modules/helpers:135:16)
    at Object.<anonymous> (/home/u686584126/domains/kirs.co.in/public_html/backend/server.js:1:17)
    at Module._compile (node:internal/modules/cjs/loader:1688:14) {
  code: 'MODULE_NOT_FOUND',
  requireStack: [
    '/home/u686584126/domains/kirs.co.in/public_html/backend/server.js',
    '/usr/local/lsws/fcgi-bin/lsnode.js'
  ]
}

Node.js v22.18.0
node:internal/modules/cjs/loader:1368
  throw err;
  ^

Error: Cannot find module 'express'
Require stack:
- /home/u686584126/domains/kirs.co.in/public_html/backend/server.js
- /usr/local/lsws/fcgi-bin/lsnode.js
    at Module._resolveFilename (node:internal/modules/cjs/loader:1365:15)
    at defaultResolveImpl (node:internal/modules/cjs/loader:1021:19)
    at resolveForCJSWithHooks (node:internal/modules/cjs/loader:1026:22)
    at Module._load (node:internal/modules/cjs/loader:1175:37)
    at TracingChannel.traceSync (node:diagnostics_channel:322:14)
    at wrapModuleLoad (node:internal/modules/cjs/loader:235:24)
    at Module.require (node:internal/modules/cjs/loader:1445:12)
    at require (node:internal/modules/helpers:135:16)
    at Object.<anonymous> (/home/u686584126/domains/kirs.co.in/public_html/backend/server.js:1:17)
    at Module._compile (node:internal/modules/cjs/loader:1688:14) {
  code: 'MODULE_NOT_FOUND',
  requireStack: [
    '/home/u686584126/domains/kirs.co.in/public_html/backend/server.js',
    '/usr/local/lsws/fcgi-bin/lsnode.js'
  ]
}

Node.js v22.18.0
node:internal/modules/cjs/loader:1368
  throw err;
  ^

Error: Cannot find module './lib/express'
Require stack:
- /home/u686584126/domains/kirs.co.in/public_html/backend/node_modules/express/index.js
- /home/u686584126/domains/kirs.co.in/public_html/backend/server.js
- /usr/local/lsws/fcgi-bin/lsnode.js
    at Module._resolveFilename (node:internal/modules/cjs/loader:1365:15)
    at defaultResolveImpl (node:internal/modules/cjs/loader:1021:19)
    at resolveForCJSWithHooks (node:internal/modules/cjs/loader:1026:22)
    at Module._load (node:internal/modules/cjs/loader:1175:37)
    at TracingChannel.traceSync (node:diagnostics_channel:322:14)
    at wrapModuleLoad (node:internal/modules/cjs/loader:235:24)
    at Module.require (node:internal/modules/cjs/loader:1445:12)
    at require (node:internal/modules/helpers:135:16)
    at Object.<anonymous> (/home/u686584126/domains/kirs.co.in/public_html/backend/node_modules/express/index.js:11:18)
    at Module._compile (node:internal/modules/cjs/loader:1688:14) {
  code: 'MODULE_NOT_FOUND',
  requireStack: [
    '/home/u686584126/domains/kirs.co.in/public_html/backend/node_modules/express/index.js',
    '/home/u686584126/domains/kirs.co.in/public_html/backend/server.js',
    '/usr/local/lsws/fcgi-bin/lsnode.js'
  ]
}

Node.js v22.18.0
node:internal/modules/cjs/loader:1368
  throw err;
  ^

Error: Cannot find module './lib/express'
Require stack:
- /home/u686584126/domains/kirs.co.in/public_html/backend/node_modules/express/index.js
- /home/u686584126/domains/kirs.co.in/public_html/backend/server.js
- /usr/local/lsws/fcgi-bin/lsnode.js
    at Module._resolveFilename (node:internal/modules/cjs/loader:1365:15)
    at defaultResolveImpl (node:internal/modules/cjs/loader:1021:19)
    at resolveForCJSWithHooks (node:internal/modules/cjs/loader:1026:22)
    at Module._load (node:internal/modules/cjs/loader:1175:37)
    at TracingChannel.traceSync (node:diagnostics_channel:322:14)
    at wrapModuleLoad (node:internal/modules/cjs/loader:235:24)
    at Module.require (node:internal/modules/cjs/loader:1445:12)
    at require (node:internal/modules/helpers:135:16)
    at Object.<anonymous> (/home/u686584126/domains/kirs.co.in/public_html/backend/node_modules/express/index.js:11:18)
    at Module._compile (node:internal/modules/cjs/loader:1688:14) {
  code: 'MODULE_NOT_FOUND',
  requireStack: [
    '/home/u686584126/domains/kirs.co.in/public_html/backend/node_modules/express/index.js',
    '/home/u686584126/domains/kirs.co.in/public_html/backend/server.js',
    '/usr/local/lsws/fcgi-bin/lsnode.js'
  ]
}

Node.js v22.18.0
node:internal/modules/cjs/loader:1368
  throw err;
  ^

Error: Cannot find module './lib/express'
Require stack:
- /home/u686584126/domains/kirs.co.in/public_html/backend/node_modules/express/index.js
- /home/u686584126/domains/kirs.co.in/public_html/backend/server.js
- /usr/local/lsws/fcgi-bin/lsnode.js
    at Module._resolveFilename (node:internal/modules/cjs/loader:1365:15)
    at defaultResolveImpl (node:internal/modules/cjs/loader:1021:19)
    at resolveForCJSWithHooks (node:internal/modules/cjs/loader:1026:22)
    at Module._load (node:internal/modules/cjs/loader:1175:37)
    at TracingChannel.traceSync (node:diagnostics_channel:322:14)
    at wrapModuleLoad (node:internal/modules/cjs/loader:235:24)
    at Module.require (node:internal/modules/cjs/loader:1445:12)
    at require (node:internal/modules/helpers:135:16)
    at Object.<anonymous> (/home/u686584126/domains/kirs.co.in/public_html/backend/node_modules/express/index.js:11:18)
    at Module._compile (node:internal/modules/cjs/loader:1688:14) {
  code: 'MODULE_NOT_FOUND',
  requireStack: [
    '/home/u686584126/domains/kirs.co.in/public_html/backend/node_modules/express/index.js',
    '/home/u686584126/domains/kirs.co.in/public_html/backend/server.js',
    '/usr/local/lsws/fcgi-bin/lsnode.js'
  ]
}

Node.js v22.18.0
node:internal/modules/cjs/loader:1368
  throw err;
  ^

Error: Cannot find module './lib/express'
Require stack:
- /home/u686584126/domains/kirs.co.in/public_html/backend/node_modules/express/index.js
- /home/u686584126/domains/kirs.co.in/public_html/backend/server.js
- /usr/local/lsws/fcgi-bin/lsnode.js
    at Module._resolveFilename (node:internal/modules/cjs/loader:1365:15)
    at defaultResolveImpl (node:internal/modules/cjs/loader:1021:19)
    at resolveForCJSWithHooks (node:internal/modules/cjs/loader:1026:22)
    at Module._load (node:internal/modules/cjs/loader:1175:37)
    at TracingChannel.traceSync (node:diagnostics_channel:322:14)
    at wrapModuleLoad (node:internal/modules/cjs/loader:235:24)
    at Module.require (node:internal/modules/cjs/loader:1445:12)
    at require (node:internal/modules/helpers:135:16)
    at Object.<anonymous> (/home/u686584126/domains/kirs.co.in/public_html/backend/node_modules/express/index.js:11:18)
    at Module._compile (node:internal/modules/cjs/loader:1688:14) {
  code: 'MODULE_NOT_FOUND',
  requireStack: [
    '/home/u686584126/domains/kirs.co.in/public_html/backend/node_modules/express/index.js',
    '/home/u686584126/domains/kirs.co.in/public_html/backend/server.js',
    '/usr/local/lsws/fcgi-bin/lsnode.js'
  ]
}

Node.js v22.18.0
SMTP Email Error: Error: Invalid login: 535 5.7.8 Error: authentication failed: (reason unavailable)
    at SMTPConnection._formatError (/home/u686584126/domains/kirs.co.in/public_html/backend/node_modules/nodemailer/lib/smtp-connection/index.js:809:19)
    at SMTPConnection._actionAUTHComplete (/home/u686584126/domains/kirs.co.in/public_html/backend/node_modules/nodemailer/lib/smtp-connection/index.js:1588:34)
    at SMTPConnection.<anonymous> (/home/u686584126/domains/kirs.co.in/public_html/backend/node_modules/nodemailer/lib/smtp-connection/index.js:556:26)
    at SMTPConnection._processResponse (/home/u686584126/domains/kirs.co.in/public_html/backend/node_modules/nodemailer/lib/smtp-connection/index.js:993:20)
    at SMTPConnection._onData (/home/u686584126/domains/kirs.co.in/public_html/backend/node_modules/nodemailer/lib/smtp-connection/index.js:774:14)
    at SMTPConnection._onSocketData (/home/u686584126/domains/kirs.co.in/public_html/backend/node_modules/nodemailer/lib/smtp-connection/index.js:195:44)
    at TLSSocket.emit (node:events:518:28)
    at addChunk (node:internal/streams/readable:561:12)
    at readableAddChunkPushByteMode (node:internal/streams/readable:512:3)
    at Readable.push (node:internal/streams/readable:392:5) {
  code: 'EAUTH',
  response: '535 5.7.8 Error: authentication failed: (reason unavailable)',
  responseCode: 535,
  command: 'AUTH PLAIN'
}
SMTP Email Error: Error: Invalid login: 535 5.7.8 Error: authentication failed: (reason unavailable)
    at SMTPConnection._formatError (/home/u686584126/domains/kirs.co.in/public_html/backend/node_modules/nodemailer/lib/smtp-connection/index.js:809:19)
    at SMTPConnection._actionAUTHComplete (/home/u686584126/domains/kirs.co.in/public_html/backend/node_modules/nodemailer/lib/smtp-connection/index.js:1588:34)
    at SMTPConnection.<anonymous> (/home/u686584126/domains/kirs.co.in/public_html/backend/node_modules/nodemailer/lib/smtp-connection/index.js:556:26)
    at SMTPConnection._processResponse (/home/u686584126/domains/kirs.co.in/public_html/backend/node_modules/nodemailer/lib/smtp-connection/index.js:993:20)
    at SMTPConnection._onData (/home/u686584126/domains/kirs.co.in/public_html/backend/node_modules/nodemailer/lib/smtp-connection/index.js:774:14)
    at SMTPConnection._onSocketData (/home/u686584126/domains/kirs.co.in/public_html/backend/node_modules/nodemailer/lib/smtp-connection/index.js:195:44)
    at TLSSocket.emit (node:events:518:28)
    at addChunk (node:internal/streams/readable:561:12)
    at readableAddChunkPushByteMode (node:internal/streams/readable:512:3)
    at Readable.push (node:internal/streams/readable:392:5) {
  code: 'EAUTH',
  response: '535 5.7.8 Error: authentication failed: (reason unavailable)',
  responseCode: 535,
  command: 'AUTH PLAIN'
}
SMTP Email Error: Error: Invalid login: 535 5.7.8 Error: authentication failed: (reason unavailable)
    at SMTPConnection._formatError (/home/u686584126/domains/kirs.co.in/public_html/backend/node_modules/nodemailer/lib/smtp-connection/index.js:809:19)
    at SMTPConnection._actionAUTHComplete (/home/u686584126/domains/kirs.co.in/public_html/backend/node_modules/nodemailer/lib/smtp-connection/index.js:1588:34)
    at SMTPConnection.<anonymous> (/home/u686584126/domains/kirs.co.in/public_html/backend/node_modules/nodemailer/lib/smtp-connection/index.js:556:26)
    at SMTPConnection._processResponse (/home/u686584126/domains/kirs.co.in/public_html/backend/node_modules/nodemailer/lib/smtp-connection/index.js:993:20)
    at SMTPConnection._onData (/home/u686584126/domains/kirs.co.in/public_html/backend/node_modules/nodemailer/lib/smtp-connection/index.js:774:14)
    at SMTPConnection._onSocketData (/home/u686584126/domains/kirs.co.in/public_html/backend/node_modules/nodemailer/lib/smtp-connection/index.js:195:44)
    at TLSSocket.emit (node:events:518:28)
    at addChunk (node:internal/streams/readable:561:12)
    at readableAddChunkPushByteMode (node:internal/streams/readable:512:3)
    at Readable.push (node:internal/streams/readable:392:5) {
  code: 'EAUTH',
  response: '535 5.7.8 Error: authentication failed: (reason unavailable)',
  responseCode: 535,
  command: 'AUTH PLAIN'
}
